  Determining projects to restore...
  All projects are up-to-date for restore.
  LabManager.Entity -> C:\Users\desra\digital_defter\backend\LabManager.Entity\bin\Debug\net9.0\LabManager.Entity.dll
  LabManager.DataAccess -> C:\Users\desra\digital_defter\backend\LabManager.DataAccess\bin\Debug\net9.0\LabManager.DataAccess.dll
C:\Users\desra\digital_defter\backend\LabManager.Business\Services\Concrete\AuthService.cs(5,17): error CS0234: The type or namespace name 'AspNetCore' does not exist in the namespace 'Microsoft' (are you missing an assembly reference?) [C:\Users\desra\digital_defter\backend\LabManager.Business\LabManager.Business.csproj]
C:\Users\desra\digital_defter\backend\LabManager.Business\Services\Interfaces\IAuthService.cs(13,67): error CS0234: The type or namespace name 'AspNetCore' does not exist in the namespace 'Microsoft' (are you missing an assembly reference?) [C:\Users\desra\digital_defter\backend\LabManager.Business\LabManager.Business.csproj]
C:\Users\desra\digital_defter\backend\LabManager.Business\Services\Concrete\AuthService.cs(145,70): error CS0246: The type or namespace name 'IFormFile' could not be found (are you missing a using directive or an assembly reference?) [C:\Users\desra\digital_defter\backend\LabManager.Business\LabManager.Business.csproj]
C:\Users\desra\digital_defter\backend\LabManager.Business\Services\Concrete\AuthService.cs(16,28): error CS0535: 'AuthService' does not implement interface member 'IAuthService.UploadProfilePictureAsync(int, AspNetCore.Http.IFormFile)' [C:\Users\desra\digital_defter\backend\LabManager.Business\LabManager.Business.csproj]

Build FAILED.

C:\Users\desra\digital_defter\backend\LabManager.Business\Services\Concrete\AuthService.cs(5,17): error CS0234: The type or namespace name 'AspNetCore' does not exist in the namespace 'Microsoft' (are you missing an assembly reference?) [C:\Users\desra\digital_defter\backend\LabManager.Business\LabManager.Business.csproj]
C:\Users\desra\digital_defter\backend\LabManager.Business\Services\Interfaces\IAuthService.cs(13,67): error CS0234: The type or namespace name 'AspNetCore' does not exist in the namespace 'Microsoft' (are you missing an assembly reference?) [C:\Users\desra\digital_defter\backend\LabManager.Business\LabManager.Business.csproj]
C:\Users\desra\digital_defter\backend\LabManager.Business\Services\Concrete\AuthService.cs(145,70): error CS0246: The type or namespace name 'IFormFile' could not be found (are you missing a using directive or an assembly reference?) [C:\Users\desra\digital_defter\backend\LabManager.Business\LabManager.Business.csproj]
C:\Users\desra\digital_defter\backend\LabManager.Business\Services\Concrete\AuthService.cs(16,28): error CS0535: 'AuthService' does not implement interface member 'IAuthService.UploadProfilePictureAsync(int, AspNetCore.Http.IFormFile)' [C:\Users\desra\digital_defter\backend\LabManager.Business\LabManager.Business.csproj]
    0 Warning(s)
    4 Error(s)

Time Elapsed 00:00:01.73
